[0m[1mbun test [0m[2mv1.3.10 (30e609e0)[0m
[dotenv@17.3.1] injecting env (0) from .env -- tip: ÔÜÖ´©Å  suppress all logs with { quiet: true }
